// Jest Snapshot v1, https://goo.gl/fbAQLP

exports[`should render 1`] = `
<li
  className="workspace-nav-item"
>
  <a
    className="workspace-nav-item-link"
    href="#"
    onClick={[Function]}
  >
    <WorkspaceRuleTitle
      rule={
        Object {
          "key": "foo",
          "organization": "org",
        }
      }
    />
  </a>
  <ButtonIcon
    className="js-close workspace-header-icon button-small little-spacer-left"
    color="#fff"
    onClick={[Function]}
  >
    <ClearIcon
      size={12}
    />
  </ButtonIcon>
</li>
`;
