// Jest Snapshot v1, https://goo.gl/fbAQLP

exports[`should render component 1`] = `
<React.Fragment>
  â€”
</React.Fragment>
`;

exports[`should render loaded component 1`] = `
<React.Fragment>
  <QualifierIcon
    className="little-spacer-right"
    qualifier="FIL"
  />
  src/foo.js
</React.Fragment>
`;
