// Jest Snapshot v1, https://goo.gl/fbAQLP

exports[`should render 1`] = `
<div
  className="workspace-viewer"
>
  <WorkspaceHeader
    onClose={[Function]}
    onCollapse={[MockFunction]}
    onMaximize={[MockFunction]}
    onMinimize={[MockFunction]}
    onResize={[MockFunction]}
  >
    <WorkspaceComponentTitle
      component={
        Object {
          "branch": undefined,
          "key": "foo",
        }
      }
    />
  </WorkspaceHeader>
  <div
    className="workspace-viewer-container"
    style={
      Object {
        "height": 300,
      }
    }
  >
    <Connect(SourceViewerBase)
      component="foo"
      onLoaded={[Function]}
    />
  </div>
</div>
`;
